Símbolo     Valor Decimal   Valor Hexadecimal
-------     -------------   -----------------
MSGALUNO            20000                4E20
MSGMENU             20028                4E3C
MSGERROACAOINVALIDA          20061                4E5D
MSGRESUMO1          20075                4E6B
MSGRESUMO2          20089                4E79
IENG                20099                4E83
LISTALUCROSENG          30000                7530
NE                  32768                8000
ENDLISTAENG          32770                8002
NC                  32772                8004
ENDLISTALUCRO          32774                8006
_S_RESUMO              29                  1D
RESUMOSALVAREGISTRADORES             81                  51
RESUMOINICIO             83                  53
RESUMOLIMPA             87                  57
RESUMOTESTA             89                  59
RESUMOENTER            103                  67
RESUMORESTAURAREGISTRADORES            107                  6B
_S_EXIBE_ENG            110                  6E
_S_EXIBE_CIDADE            167                  A7
_S_MENU               240                  F0
_S_AGUARDA_OPCAO_MENU            257                 101
OPCAOMENUSALVAREGISTRADORES            257                 101
OPCAOMENUSALVAINICIO            259                 103
OPCAOMENUSALVALIMPA            263                 107
OPCAOMENUSALVATESTA            265                 109
GERAL                 303                 12F
RESUMO                305                 131
FIM                   309                 135
ENG                   313                 139
OPCAOMENURESTAURAREGISTRADORES            317                 13D
OPCAOMENURETORNA            319                 13F
_S_SELECAO_ENG            320                 140
SELECAOENGSALVAREGISTRADORES            324                 144
SELECAOENGINICIO            332                 14C
SELECAOENGLIMPA            344                 158
SELECAOENGTESTA            354                 162
VALIDADIGITO            374                 176
SELECAOENGBACKSPACE            390                 186
APERTOUDIGITO            408                 198
SELECAOENGENTER            426                 1AA
SELECAOENGRESTAURAREGISTRADORES            525                 20D
SELECAOENGRETORNA            533                 215
_S_ZERA_REGISTRADORES            535                 217
_S_CALCULA            548                 224
CONTINUA              561                 231
LOOPENG               568                 238
LOOPVISITAS            582                 246
SALVATOTAL            603                 25B
_S_SALVA_TOTAL            636                 27C
_S_BUSCA_ENGENHEIRO            636                 27C
_S_AGUARDA_ENTER_ESC            637                 27D
ENTERESCSALVAREGISTRADORES            637                 27D
ENTERESCINICIO            639                 27F
ENTERESCLIMPA            643                 283
ENTERESCTESTA            645                 285
ENTERESCESC            667                 29B
ENTERESCRESTAURAREGISTRADORES            672                 2A0
ENTERESCRETORNA            674                 2A2
_S_ID_ALUNO            675                 2A3
_S_ENCERRAR_HENRIQUE            688                 2B0
IMPRIME_PROXIMO            737                 2E1
FIM_CONVERSAO            761                 2F9
_S_LIMPA_VISOR_ITERATIVA            762                 2FA
__OUTRO_LED            774                 306
_S_LIMPA_VISOR_RAPIDA            785                 311
_S_LIMPA_VISOR_ULTRA            930                 3A2
_S_PREENCHE_VISOR           1019                 3FB
__MAIS1_LED           1031                 407
_S_ESCREVER_NO_VISOR_V0           1042                 412
__VOLTA_ESCR           1044                 414
__SEGUNDO            1069                 42D
__CONTINUA2           1073                 431
__PROXIMO_LED           1082                 43A
__FIM_VISOR1           1086                 43E
__FIM_VISOR2           1092                 444
_S_ESCREVER_NO_VISOR           1098                 44A
__VOLTA_A_ESCREVER           1104                 450
__ESCREVE_NO_LED           1121                 461
__FIM_VISOR           1131                 46B
_S_MULTIPLICAR           1137                 471
__INICIO_LACO           1151                 47F
__NAO_SOMAR           1157                 485
__FIM_LACO           1165                 48D
__ALERTA_ESTOURO           1179                 49B
_S_DIVIDIR           1181                 49D
__NAO_ZERO           1187                 4A3
__SUBTRAI_DIVISOR           1215                 4BF
__BIT_ZERO           1219                 4C3
__INDICA_ESTOURO           1233                 4D1
_S_ENCERRAR           1236                 4D4
__MSGFIM             1253                 4E5
