Símbolo     Valor Decimal   Valor Hexadecimal
-------     -------------   -----------------
MSGALUNO            20000                4E20
MSGMENU             20028                4E3C
MSGERROACAOINVALIDA          20061                4E5D
MSGRESUMO1          20075                4E6B
MSGRESUMO2          20089                4E79
IENG                20099                4E83
LISTALUCROSENG          30000                7530
NE                  32768                8000
ENDLISTAENG          32770                8002
NC                  32772                8004
ENDLISTALUCRO          32774                8006
_S_RESUMO              29                  1D
RESUMOSALVAREGISTRADORES             81                  51
RESUMOINICIO             83                  53
RESUMOLIMPA             87                  57
RESUMOTESTA             89                  59
RESUMOENTER            103                  67
RESUMORESTAURAREGISTRADORES            107                  6B
_S_EXIBE_ENG            110                  6E
_S_EXIBE_CIDADE            167                  A7
_S_MENU               240                  F0
_S_AGUARDA_OPCAO_MENU            257                 101
OPCAOMENUSALVAREGISTRADORES            257                 101
OPCAOMENUSALVAINICIO            259                 103
OPCAOMENUSALVALIMPA            263                 107
OPCAOMENUSALVATESTA            265                 109
GERAL                 303                 12F
RESUMO                305                 131
FIM                   309                 135
ENG                   313                 139
OPCAOMENURESTAURAREGISTRADORES            317                 13D
OPCAOMENURETORNA            319                 13F
_S_SELECAO_ENG            320                 140
SELECAOENGSALVAREGISTRADORES            324                 144
SELECAOENGINICIO            332                 14C
SELECAOENGLIMPA            344                 158
SELECAOENGTESTA            354                 162
VALIDADIGITO            374                 176
SELECAOENGBACKSPACE            390                 186
APERTOUDIGITO            408                 198
SELECAOENGENTER            426                 1AA
SELECAOENGRESTAURAREGISTRADORES            525                 20D
SELECAOENGRETORNA            533                 215
_S_ZERA_REGISTRADORES            535                 217
_S_CALCULA            548                 224
CONTINUA              561                 231
LOOPENG               568                 238
LOOPVISITAS            582                 246
SALVATOTAL            602                 25A
SALVATOTALSALVA            635                 27B
_S_SALVA_TOTAL            645                 285
_S_BUSCA_ENGENHEIRO            645                 285
_S_AGUARDA_ENTER_ESC            646                 286
ENTERESCSALVAREGISTRADORES            646                 286
ENTERESCINICIO            648                 288
ENTERESCLIMPA            652                 28C
ENTERESCTESTA            654                 28E
ENTERESCESC            676                 2A4
ENTERESCRESTAURAREGISTRADORES            681                 2A9
ENTERESCRETORNA            683                 2AB
_S_ID_ALUNO            684                 2AC
_S_ENCERRAR_HENRIQUE            697                 2B9
IMPRIME_PROXIMO            746                 2EA
FIM_CONVERSAO            770                 302
_S_LIMPA_VISOR_ITERATIVA            771                 303
__OUTRO_LED            783                 30F
_S_LIMPA_VISOR_RAPIDA            794                 31A
_S_LIMPA_VISOR_ULTRA            939                 3AB
_S_PREENCHE_VISOR           1028                 404
__MAIS1_LED           1040                 410
_S_ESCREVER_NO_VISOR_V0           1051                 41B
__VOLTA_ESCR           1053                 41D
__SEGUNDO            1078                 436
__CONTINUA2           1082                 43A
__PROXIMO_LED           1091                 443
__FIM_VISOR1           1095                 447
__FIM_VISOR2           1101                 44D
_S_ESCREVER_NO_VISOR           1107                 453
__VOLTA_A_ESCREVER           1113                 459
__ESCREVE_NO_LED           1130                 46A
__FIM_VISOR           1140                 474
_S_MULTIPLICAR           1146                 47A
__INICIO_LACO           1160                 488
__NAO_SOMAR           1166                 48E
__FIM_LACO           1174                 496
__ALERTA_ESTOURO           1188                 4A4
_S_DIVIDIR           1190                 4A6
__NAO_ZERO           1196                 4AC
__SUBTRAI_DIVISOR           1224                 4C8
__BIT_ZERO           1228                 4CC
__INDICA_ESTOURO           1242                 4DA
_S_ENCERRAR           1245                 4DD
__MSGFIM             1262                 4EE
