Símbolo     Valor Decimal   Valor Hexadecimal
-------     -------------   -----------------
NE                  32768                8000
ENDLISTAENG          32770                8002
NC                  32772                8004
ENDLISTALUCRO          32774                8006
ENGENHEIROS          32776                8008
LUCROS              32798                801E
ENG7                32820                8034
ENG6                32828                803C
ENG5                32832                8040
ENG8                32834                8042
ENG0                32850                8052
ENG1                32860                805C
ENG2                32872                8068
ENG3                32880                8070
ENG4                32892                807C
ENG9                32914                8092
ENG10               32920                8098
MSGALUNO            20000                4E20
MSGMENU             20028                4E3C
MSGERROACAOINVALIDA          20061                4E5D
MSGRESUMO1          20075                4E6B
MSGRESUMO2          20089                4E79
MSGENG              20099                4E83
MSGSELENG           20111                4E8F
MSGMAIORLUCRO          20124                4E9C
MSGMAIORLUCRO1          20141                4EAD
MSGSEMLUCROPREJUIZO          20154                4EBA
MSGLUCRO            20178                4ED2
MSGPREJUIZO          20190                4EDE
MSGCENTAVOS          20205                4EED
MSGERROINDICEENG1          20209                4EF1
IENG                23000                59D8
MAIORLUCRO          25000                61A8
IENGMAIORLUCRO          25002                61AA
LISTALUCROSENG          30000                7530
_S_RESUMO              32                  20
RESUMOSALVAREGISTRADORES             84                  54
RESUMOINICIO             86                  56
RESUMOLIMPA             90                  5A
RESUMOTESTA             92                  5C
RESUMOENTER            106                  6A
RESUMORESTAURAREGISTRADORES            110                  6E
_S_EXIBE_REL_ENG            113                  71
FIM                   209                  D1
_S_MENU               218                  DA
_S_AGUARDA_OPCAO_MENU            239                  EF
OPCAOMENUSALVAREGISTRADORES            239                  EF
OPCAOMENUSALVAINICIO            241                  F1
OPCAOMENUSALVALIMPA            249                  F9
OPCAOMENUSALVATESTA            251                  FB
GERAL                 321                 141
RESUMO                327                 147
FIMAGUARDA            333                 14D
ENG                   337                 151
OPCAOMENURESTAURAREGISTRADORES            343                 157
OPCAOMENURETORNA            345                 159
_S_MENU_REL_GERAL            346                 15A
RELGERALSALVAINICIO            398                 18E
RELGERALSALVALIMPA            406                 196
RELGERALSALVATESTA            408                 198
VOLTAMENU             422                 1A6
_S_SELECAO_ENG            426                 1AA
SELECAOENGSALVAREGISTRADORES            430                 1AE
SELECAOENGINICIO            450                 1C2
SELECAOENGLIMPA            470                 1D6
SELECAOENGTESTA            472                 1D8
VALIDADIGITO            492                 1EC
SELECAOENGBACKSPACE            508                 1FC
APERTOUDIGITO            526                 20E
SELECAOENGENTER            544                 220
JUMPMENU              552                 228
NAOJUMPMENU            556                 22C
JUMP                  576                 240
CONTINUADIGITOS            580                 244
MSGERRO               676                 2A4
MSGERROLIMPA            708                 2C4
MSGERROTESTA            710                 2C6
MSGERROENTER            724                 2D4
SELECAOENGBUSCA            728                 2D8
VALIDAINDICE            728                 2D8
SELECAOENGRESTAURAREGISTRADORES            756                 2F4
SELECAOENGRETORNA            764                 2FC
_S_RELATORIO_ENG            765                 2FD
RELENGSALVAREGISTRADORES            819                 333
RELENGSALVAINICIO            821                 335
RELENGSALVALIMPA            829                 33D
RELENGSALVATESTA            831                 33F
RELENGRESTAURARETORNA            845                 34D
_S_PRINT_LUCRO_PREJUIZO            855                 357
LUCROZERO             883                 373
LUCRO                 893                 37D
PREJUIZO              899                 383
PRINTTEXTO            907                 38B
PRINTVALOR            915                 393
PRINT                 931                 3A3
_S_ZERA_REGISTRADORES            937                 3A9
_S_CALCULA            950                 3B6
CONTINUA              962                 3C2
LOOPENG               969                 3C9
LOOPVISITAS            983                 3D7
SALVATOTAL           1003                 3EB
_S_VERIFICA_MAIOR_LUCRO           1039                 40F
EHMAIOR              1046                 416
_S_AGUARDA_ENTER_ESC           1055                 41F
ENTERESCSALVAREGISTRADORES           1055                 41F
ENTERESCINICIO           1057                 421
ENTERESCLIMPA           1061                 425
ENTERESCTESTA           1063                 427
ENTERESCESC           1085                 43D
ENTERESCRESTAURAREGISTRADORES           1089                 441
ENTERESCRETORNA           1091                 443
_S_ID_ALUNO           1092                 444
_S_PRINT_NUMEROS           1105                 451
PRINTNUMQUOCIENTENAOZERO           1135                 46F
PRINTNUMRESTAURARETORNA           1163                 48B
_S_ENCERRAR_HENRIQUE           1172                 494
_S_LIMPA_VISOR_ITERATIVA           1193                 4A9
__OUTRO_LED           1205                 4B5
_S_LIMPA_VISOR_RAPIDA           1216                 4C0
_S_LIMPA_VISOR_ULTRA           1361                 551
_S_PREENCHE_VISOR           1450                 5AA
__MAIS1_LED           1462                 5B6
_S_ESCREVER_NO_VISOR_V0           1473                 5C1
__VOLTA_ESCR           1475                 5C3
__SEGUNDO            1500                 5DC
__CONTINUA2           1504                 5E0
__PROXIMO_LED           1513                 5E9
__FIM_VISOR1           1517                 5ED
__FIM_VISOR2           1523                 5F3
_S_ESCREVER_NO_VISOR           1529                 5F9
__VOLTA_A_ESCREVER           1535                 5FF
__ESCREVE_NO_LED           1552                 610
__FIM_VISOR           1562                 61A
_S_MULTIPLICAR           1568                 620
__INICIO_LACO           1578                 62A
__NAO_SOMAR           1584                 630
__FIM_LACO           1592                 638
__ALERTA_ESTOURO           1606                 646
_S_DIVIDIR           1608                 648
__NAO_ZERO           1614                 64E
__SUBTRAI_DIVISOR           1642                 66A
__BIT_ZERO           1646                 66E
__INDICA_ESTOURO           1660                 67C
_S_ENCERRAR           1663                 67F
__MSGFIM             1680                 690
